// Jest Snapshot v1, https://goo.gl/fbAQLP

exports[`<TabActivity /> should render the heading 1`] = `
<main
  class=""
>
  <h1>
    TabActivity
  </h1>
</main>
`
