// Jest Snapshot v1, https://goo.gl/fbAQLP

exports[`<Button /> should render the medium size by default 1`] = `
.c0 {
  border: none;
  padding: 0.4rem;
  outline: none;
  line-height: 2.4rem;
  cursor: pointer;
  -webkit-transition: 0.1s;
  transition: 0.1s;
  display: -webkit-box;
  display: -webkit-flex;
  display: -ms-flexbox;
  display: flex;
  -webkit-align-items: center;
  -webkit-box-align: center;
  -ms-flex-align: center;
  align-items: center;
  -webkit-box-pack: justify;
  -webkit-justify-content: space-between;
  -ms-flex-pack: justify;
  justify-content: space-between;
  width: 13.2rem;
  height: 3.6rem;
  border-radius: 0.4rem;
  background: #0275B1;
}

.c0 > small {
  font-size: 1.4rem;
  -webkit-flex: 1;
  -ms-flex: 1;
  flex: 1;
  text-transform: uppercase;
  font-weight: 400;
}

.c0:hover {
  -webkit-transform: scale(1.03);
  -ms-transform: scale(1.03);
  transform: scale(1.03);
}

.c0:active {
  -webkit-transform: scale(0.98);
  -ms-transform: scale(0.98);
  transform: scale(0.98);
}

.c0 > svg {
  height: 1.6rem;
  width: 1.6rem;
  margin-right: 0.8rem;
}

.c0 > svg {
  color: #FFFFFF;
}

.c0 > small {
  color: #FFFFFF;
}

<button
  class="c0"
  color="blue"
>
  <small>
    My Button
  </small>
</button>
`
