// Jest Snapshot v1, https://goo.gl/fbAQLP

exports[`<MenuOptions /> should render options correctly 1`] = `
.c1 {
  display: inline-block;
  vertical-align: middle;
  overflow: hidden;
}

.c0 {
  display: -webkit-box;
  display: -webkit-flex;
  display: -ms-flexbox;
  display: flex;
  -webkit-flex-direction: column;
  -ms-flex-direction: column;
  flex-direction: column;
  position: relative;
  -webkit-align-items: center;
  -webkit-box-align: center;
  -ms-flex-align: center;
  align-items: center;
  -webkit-box-pack: center;
  -webkit-justify-content: center;
  -ms-flex-pack: center;
  justify-content: center;
  -webkit-text-decoration: none;
  text-decoration: none;
  font-size: 1.4rem;
  line-height: 2.4rem;
  padding: 1.6rem 2.4rem 0.8rem 2.4rem;
  color: #181818;
}

.c0 strong {
  margin-top: 0.8rem;
  font-weight: 600;
}

.c0 > svg {
  width: 2.4rem;
}

.c0:hover {
  color: #0275B1;
  cursor: pointer;
}

<a
  class="c0"
  href="/link"
>
  <svg
    aria-hidden="true"
    class="c1"
    fill="currentColor"
    focusable="false"
    viewBox="0 0 24 24"
    xmlns="http://www.w3.org/2000/svg"
  >
    <path
      d="M0 0h24v24H0V0z"
      fill="none"
    />
    <circle
      cx="6.18"
      cy="17.82"
      r="2.18"
    />
    <path
      d="M4 4.44v2.83c7.03 0 12.73 5.7 12.73 12.73h2.83c0-8.59-6.97-15.56-15.56-15.56zm0 5.66v2.83c3.9 0 7.07 3.17 7.07 7.07h2.83c0-5.47-4.43-9.9-9.9-9.9z"
    />
  </svg>
  <strong>
    My link
  </strong>
</a>
`
