// Jest Snapshot v1, https://goo.gl/fbAQLP

exports[`<TabArticles /> should render the heading 1`] = `
<main
  class=""
>
  <h1>
    TabArticles
  </h1>
</main>
`
