// Jest Snapshot v1, https://goo.gl/fbAQLP

exports[`<TabProfile /> should render the heading 1`] = `
<main
  class=""
>
  <h1>
    TabProfile
  </h1>
</main>
`
